2026-03-31 16:40:51 [restartedMain] INFO  c.e.gourmet.GourmetMapApplication - Starting GourmetMapApplication using Java 21.0.10 with PID 10756 (C:\myself\gourmet-map\target\classes started by joker in C:\myself\gourmet-map)
2026-03-31 16:40:51 [restartedMain] DEBUG c.e.gourmet.GourmetMapApplication - Running with Spring Boot v3.2.4, Spring v6.1.5
2026-03-31 16:40:51 [restartedMain] INFO  c.e.gourmet.GourmetMapApplication - No active profile set, falling back to 1 default profile: "default"
2026-03-31 16:40:51 [restartedMain] INFO  o.s.b.d.e.DevToolsPropertyDefaultsPostProcessor - Devtools property defaults active! Set 'spring.devtools.add-properties' to 'false' to disable
2026-03-31 16:40:51 [restartedMain] INFO  o.s.b.d.e.DevToolsPropertyDefaultsPostProcessor - For additional web related logging consider setting the 'logging.level.web' property to 'DEBUG'
2026-03-31 16:40:53 [restartedMain] INFO  o.s.d.r.c.RepositoryConfigurationDelegate - Bootstrapping Spring Data JPA repositories in DEFAULT mode.
2026-03-31 16:40:53 [restartedMain] INFO  o.s.d.r.c.RepositoryConfigurationDelegate - Finished Spring Data repository scanning in 65 ms. Found 1 JPA repository interface.
2026-03-31 16:40:54 [restartedMain] INFO  o.s.b.w.e.tomcat.TomcatWebServer - Tomcat initialized with port 8080 (http)
2026-03-31 16:40:54 [restartedMain] INFO  o.a.catalina.core.StandardService - Starting service [Tomcat]
2026-03-31 16:40:54 [restartedMain] INFO  o.a.catalina.core.StandardEngine - Starting Servlet engine: [Apache Tomcat/10.1.19]
2026-03-31 16:40:54 [restartedMain] INFO  o.a.c.c.C.[Tomcat].[localhost].[/] - Initializing Spring embedded WebApplicationContext
2026-03-31 16:40:54 [restartedMain] INFO  o.s.b.w.s.c.ServletWebServerApplicationContext - Root WebApplicationContext: initialization completed in 2231 ms
2026-03-31 16:40:54 [restartedMain] INFO  com.zaxxer.hikari.HikariDataSource - HikariPool-1 - Starting...
2026-03-31 16:40:54 [restartedMain] INFO  com.zaxxer.hikari.pool.HikariPool - HikariPool-1 - Added connection conn1: url=jdbc:h2:file:./data/gourmetdb user=SA
2026-03-31 16:40:54 [restartedMain] INFO  com.zaxxer.hikari.HikariDataSource - HikariPool-1 - Start completed.
2026-03-31 16:40:54 [restartedMain] INFO  o.s.b.a.h.H2ConsoleAutoConfiguration - H2 console available at '/h2-console'. Database available at 'jdbc:h2:file:./data/gourmetdb'
2026-03-31 16:40:55 [restartedMain] INFO  o.h.jpa.internal.util.LogHelper - HHH000204: Processing PersistenceUnitInfo [name: default]
2026-03-31 16:40:55 [restartedMain] INFO  org.hibernate.Version - HHH000412: Hibernate ORM core version 6.4.4.Final
2026-03-31 16:40:55 [restartedMain] INFO  o.h.c.i.RegionFactoryInitiator - HHH000026: Second-level cache disabled
2026-03-31 16:40:55 [restartedMain] INFO  o.s.o.j.p.SpringPersistenceUnitInfo - No LoadTimeWeaver setup: ignoring JPA class transformer
2026-03-31 16:40:55 [restartedMain] WARN  org.hibernate.orm.deprecation - HHH90000025: H2Dialect does not need to be specified explicitly using 'hibernate.dialect' (remove the property setting and it will be selected by default)
2026-03-31 16:40:56 [restartedMain] INFO  o.h.e.t.j.p.i.JtaPlatformInitiator - HHH000489: No JTA platform available (set 'hibernate.transaction.jta.platform' to enable JTA platform integration)
2026-03-31 16:40:56 [restartedMain] INFO  o.s.o.j.LocalContainerEntityManagerFactoryBean - Initialized JPA EntityManagerFactory for persistence unit 'default'
2026-03-31 16:40:56 [restartedMain] INFO  o.s.d.j.r.query.QueryEnhancerFactory - Hibernate is in classpath; If applicable, HQL parser will be used.
2026-03-31 16:40:57 [restartedMain] WARN  o.s.b.a.o.j.JpaBaseConfiguration$JpaWebConfiguration - spring.jpa.open-in-view is enabled by default. Therefore, database queries may be performed during view rendering. Explicitly configure spring.jpa.open-in-view to disable this warning
2026-03-31 16:40:57 [restartedMain] INFO  o.s.b.a.e.web.EndpointLinksResolver - Exposing 1 endpoint(s) beneath base path '/actuator'
2026-03-31 16:40:57 [restartedMain] INFO  o.s.s.web.DefaultSecurityFilterChain - Will secure any request with [org.springframework.security.web.session.DisableEncodeUrlFilter@2a257bd4, org.springframework.security.web.context.request.async.WebAsyncManagerIntegrationFilter@64ad58c0, org.springframework.security.web.context.SecurityContextHolderFilter@7d0aa47e, org.springframework.security.web.header.HeaderWriterFilter@4172a4ce, org.springframework.web.filter.CorsFilter@2047d3e1, org.springframework.security.web.csrf.CsrfFilter@710e9bd2, org.springframework.security.web.authentication.logout.LogoutFilter@2346ff4e, org.springframework.security.web.authentication.UsernamePasswordAuthenticationFilter@6fe3a290, org.springframework.security.web.savedrequest.RequestCacheAwareFilter@3f6a7a7, org.springframework.security.web.servletapi.SecurityContextHolderAwareRequestFilter@20c5c9dd, org.springframework.security.web.authentication.AnonymousAuthenticationFilter@3669d914, org.springframework.security.web.access.ExceptionTranslationFilter@29351f15, org.springframework.security.web.access.intercept.AuthorizationFilter@3176e687]
2026-03-31 16:40:58 [restartedMain] INFO  o.s.b.d.a.OptionalLiveReloadServer - LiveReload server is running on port 35729
2026-03-31 16:40:58 [restartedMain] INFO  o.s.b.w.e.tomcat.TomcatWebServer - Tomcat started on port 8080 (http) with context path ''
2026-03-31 16:40:58 [restartedMain] INFO  c.e.gourmet.GourmetMapApplication - Started GourmetMapApplication in 6.835 seconds (process running for 7.251)
